---
source: src/parser/tests.rs
expression: ast
---
node:
  delcs:
    - node:
        Function:
          name: aux
          params: []
          return_type: ~
          body:
            node:
              Block:
                - node:
                    Call:
                      name: print
                      args:
                        - node:
                            Binary:
                              left_expr:
                                node:
                                  Binary:
                                    left_expr:
                                      node:
                                        Call:
                                          name: sin
                                          args:
                                            - node:
                                                Binary:
                                                  left_expr:
                                                    node:
                                                      Literal:
                                                        node:
                                                          Number: 2
                                                        span:
                                                          start: 152
                                                          end: 153
                                                    span:
                                                      start: 152
                                                      end: 153
                                                  op:
                                                    node: Mul
                                                    span:
                                                      start: 154
                                                      end: 155
                                                  right_expr:
                                                    node:
                                                      Variable: PI
                                                    span:
                                                      start: 156
                                                      end: 158
                                              span:
                                                start: 152
                                                end: 158
                                      span:
                                        start: 148
                                        end: 159
                                    op:
                                      node: Pow
                                      span:
                                        start: 160
                                        end: 161
                                    right_expr:
                                      node:
                                        Literal:
                                          node:
                                            Number: 2
                                          span:
                                            start: 162
                                            end: 163
                                      span:
                                        start: 162
                                        end: 163
                                span:
                                  start: 148
                                  end: 163
                              op:
                                node: Add
                                span:
                                  start: 164
                                  end: 165
                              right_expr:
                                node:
                                  Call:
                                    name: cos
                                    args:
                                      - node:
                                          Binary:
                                            left_expr:
                                              node:
                                                Binary:
                                                  left_expr:
                                                    node:
                                                      Literal:
                                                        node:
                                                          Number: 3
                                                        span:
                                                          start: 170
                                                          end: 171
                                                    span:
                                                      start: 170
                                                      end: 171
                                                  op:
                                                    node: Mul
                                                    span:
                                                      start: 172
                                                      end: 173
                                                  right_expr:
                                                    node:
                                                      Variable: PI
                                                    span:
                                                      start: 174
                                                      end: 176
                                              span:
                                                start: 170
                                                end: 176
                                            op:
                                              node: Div
                                              span:
                                                start: 177
                                                end: 178
                                            right_expr:
                                              node:
                                                Call:
                                                  name: log
                                                  args:
                                                    - node:
                                                        Literal:
                                                          node:
                                                            Number: 4
                                                          span:
                                                            start: 183
                                                            end: 184
                                                      span:
                                                        start: 183
                                                        end: 184
                                                    - node:
                                                        Literal:
                                                          node:
                                                            Number: 64
                                                          span:
                                                            start: 186
                                                            end: 188
                                                      span:
                                                        start: 186
                                                        end: 188
                                              span:
                                                start: 179
                                                end: 189
                                        span:
                                          start: 170
                                          end: 189
                                span:
                                  start: 166
                                  end: 190
                          span:
                            start: 148
                            end: 190
                  span:
                    start: 142
                    end: 191
                - node:
                    Let:
                      name: a
                      type_name: ~
                      value:
                        node:
                          Literal:
                            node:
                              Number: 42
                            span:
                              start: 247
                              end: 249
                        span:
                          start: 247
                          end: 249
                      body:
                        node:
                          Let:
                            name: b
                            type_name: ~
                            value:
                              node:
                                Literal:
                                  node:
                                    String: Hello
                                  span:
                                    start: 255
                                    end: 262
                              span:
                                start: 255
                                end: 262
                            body:
                              node:
                                Let:
                                  name: c
                                  type_name: ~
                                  value:
                                    node:
                                      Literal:
                                        node:
                                          Bool: true
                                        span:
                                          start: 268
                                          end: 272
                                    span:
                                      start: 268
                                      end: 272
                                  body:
                                    node:
                                      Block:
                                        - node:
                                            Call:
                                              name: print
                                              args:
                                                - node:
                                                    Literal:
                                                      node:
                                                        String: "Escaped quote: \" and newline: \n"
                                                      span:
                                                        start: 292
                                                        end: 327
                                                  span:
                                                    start: 292
                                                    end: 327
                                          span:
                                            start: 286
                                            end: 328
                                    span:
                                      start: 276
                                      end: 335
                              span:
                                start: 268
                                end: 335
                        span:
                          start: 255
                          end: 335
                  span:
                    start: 247
                    end: 335
            span:
              start: 16
              end: 338
      span:
        start: 16
        end: 338
    - node:
        Function:
          name: tan
          params:
            - - x
              - ~
          return_type: ~
          body:
            node:
              Binary:
                left_expr:
                  node:
                    Call:
                      name: sin
                      args:
                        - node:
                            Variable: x
                          span:
                            start: 409
                            end: 410
                  span:
                    start: 405
                    end: 411
                op:
                  node: Div
                  span:
                    start: 412
                    end: 413
                right_expr:
                  node:
                    Call:
                      name: cos
                      args:
                        - node:
                            Variable: x
                          span:
                            start: 418
                            end: 419
                  span:
                    start: 414
                    end: 420
            span:
              start: 405
              end: 420
      span:
        start: 405
        end: 420
    - node:
        Type:
          name: Person
          params:
            - - firstname
              - ~
            - - lastname
              - ~
          parent: ~
          features:
            - node:
                Attribute:
                  name: firstname
                  type_name: ~
                  default:
                    node:
                      Variable: firstname
                    span:
                      start: 529
                      end: 538
              span:
                start: 529
                end: 538
            - node:
                Attribute:
                  name: lastname
                  type_name: ~
                  default:
                    node:
                      Variable: lastname
                    span:
                      start: 555
                      end: 563
              span:
                start: 555
                end: 563
            - node:
                Method:
                  name: name
                  params: []
                  return_type: ~
                  body:
                    node:
                      Binary:
                        left_expr:
                          node:
                            PropertyAccess:
                              obj:
                                node:
                                  Variable: self
                                span:
                                  start: 579
                                  end: 583
                              property: firstname
                          span:
                            start: 579
                            end: 593
                        op:
                          node: ConcatSpace
                          span:
                            start: 594
                            end: 596
                        right_expr:
                          node:
                            PropertyAccess:
                              obj:
                                node:
                                  Variable: self
                                span:
                                  start: 597
                                  end: 601
                              property: lastname
                          span:
                            start: 597
                            end: 610
                    span:
                      start: 579
                      end: 610
              span:
                start: 579
                end: 610
      span:
        start: 478
        end: 613
    - node:
        Type:
          name: Knight
          params: []
          parent:
            node:
              parent_name: Person
              args: []
            span:
              start: 629
              end: 646
          features:
            - node:
                Method:
                  name: name
                  params: []
                  return_type: ~
                  body:
                    node:
                      Literal:
                        node:
                          String: John
                        span:
                          start: 663
                          end: 669
                    span:
                      start: 663
                      end: 669
              span:
                start: 663
                end: 669
      span:
        start: 615
        end: 672
  body:
    node:
      Call:
        name: print
        args:
          - node:
              Literal:
                node:
                  String: HULK Tour Complete!
                span:
                  start: 713
                  end: 734
            span:
              start: 713
              end: 734
    span:
      start: 707
      end: 735
span:
  start: 707
  end: 735
