---
source: src/parser/decl/function_decl.rs
expression: ast
---
node:
  Function:
    name: pl
    params:
      - - text
        - ~
      - - str
        - Named:
            name: Number
            span:
              start: 30
              end: 38
    return_type:
      Named:
        name: String
        span:
          start: 39
          end: 47
    body:
      node:
        Call:
          name: print
          args:
            - node:
                Binary:
                  left_expr:
                    node:
                      Variable: text
                    span:
                      start: 57
                      end: 61
                  op:
                    node: ConcatSpace
                    span:
                      start: 62
                      end: 64
                  right_expr:
                    node:
                      Variable: str
                    span:
                      start: 65
                      end: 68
              span:
                start: 57
                end: 68
      span:
        start: 51
        end: 69
span:
  start: 9
  end: 70
