---
source: src/parser/decl/type_decl.rs
expression: ast
---
node:
  Type:
    name: Knight
    params: ~
    parent:
      node:
        parent_name: Person
        args: ~
      span:
        start: 2
        end: 4
    features:
      - node:
          Method:
            name: name
            params: []
            return_type: ~
            body:
              node:
                Block:
                  - node:
                      Binary:
                        left_expr:
                          node:
                            Literal:
                              node:
                                String: Sir
                              span:
                                start: 76
                                end: 81
                          span:
                            start: 76
                            end: 81
                        op:
                          node: ConcatSpace
                          span:
                            start: 82
                            end: 84
                        right_expr:
                          node:
                            Call:
                              name: base
                              args: []
                          span:
                            start: 85
                            end: 89
                    span:
                      start: 76
                      end: 89
              span:
                start: 8
                end: 16
        span:
          start: 8
          end: 16
span:
  start: 0
  end: 17
